// Jest Snapshot v1, https://goo.gl/fbAQLP

exports[`Favicons Snapshots should match the snapshot 1`] = `
Array [
  <link
    href="/static/gotaste.ico"
    rel="shortcut icon"
  />,
  <link
    href="/static/gotaste.ico"
    rel="icon"
    sizes="16x16 32x32 64x64"
  />,
  <link
    href="/static/gotaste-192.png"
    rel="icon"
    sizes="196x196"
    type="image/png"
  />,
  <link
    href="/static/gotaste-160.png"
    rel="icon"
    sizes="160x160"
    type="image/png"
  />,
  <link
    href="/static/gotaste-96.png"
    rel="icon"
    sizes="96x96"
    type="image/png"
  />,
  <link
    href="/static/gotaste-64.png"
    rel="icon"
    sizes="64x64"
    type="image/png"
  />,
  <link
    href="/static/gotaste-32.png"
    rel="icon"
    sizes="32x32"
    type="image/png"
  />,
  <link
    href="/static/gotaste-16.png"
    rel="icon"
    sizes="16x16"
    type="image/png"
  />,
  <link
    href="/static/gotaste-57.png"
    rel="apple-touch-icon"
  />,
  <link
    href="/static/gotaste-114.png"
    rel="apple-touch-icon"
    sizes="114x114"
  />,
  <link
    href="/static/gotaste-72.png"
    rel="apple-touch-icon"
    sizes="72x72"
  />,
  <link
    href="/static/gotaste-144.png"
    rel="apple-touch-icon"
    sizes="144x144"
  />,
  <link
    href="/static/gotaste-60.png"
    rel="apple-touch-icon"
    sizes="60x60"
  />,
  <link
    href="/static/gotaste-120.png"
    rel="apple-touch-icon"
    sizes="120x120"
  />,
  <link
    href="/static/gotaste-76.png"
    rel="apple-touch-icon"
    sizes="76x76"
  />,
  <link
    href="/static/gotaste-152.png"
    rel="apple-touch-icon"
    sizes="152x152"
  />,
  <link
    href="/static/gotaste-180.png"
    rel="apple-touch-icon"
    sizes="180x180"
  />,
  <meta
    content="#FFFFFF"
    name="msapplication-TileColor"
  />,
  <meta
    content="/static/gotaste-144.png"
    name="msapplication-TileImage"
  />,
  <meta
    content="/static/browserconfig.xml"
    name="msapplication-config"
  />,
]
`;
