// Jest Snapshot v1, https://goo.gl/fbAQLP

exports[`CookieWarning Snapshots should match the snapshot 1`] = `
<div
  class="fixed pin-b bg-white border-t border-red-lightest w-full py-4"
>
  <div
    class="container mx-auto px-4"
  >
    <div
      class="flex justify-between items-center"
    >
      <div
        class="text-sm mr-2 flex-shrink"
      >
        For at give dig den bedste oplevelse hos Govinu bruger vi cookies.
        <a
          class="ml-1 text-red-darker"
          href="/cookie-and-privacypolicy"
        >
          LÃ¦s mere
        </a>
      </div>
      <div
        class="flex-none text-sm"
      >
        <button
          class="px-4 h-8 rounded shadow bg-white text-red-darkest border border-red-lighter hover:bg-red-lightest"
          type="button"
        >
          Helt i orden!
        </button>
      </div>
    </div>
  </div>
</div>
`;
