// Jest Snapshot v1, https://goo.gl/fbAQLP

exports[`AreaRow Snapshots should match the snapshot 1`] = `
Array [
  <h2
    class="text-center mb-6 text-red-dark"
  >
    Indre By
  </h2>,
  <div
    class="px-2"
  >
    <div
      class="flex flex-wrap -mx-2"
    >
      <div
        class="px-2 w-full sm:w-1/2 lg:w-1/3"
      >
        <a
          class="inline-flex flex-col rounded shadow no-underline hover:shadow-md mb-4"
          href="/business/test"
        >
          <div>
            <img
              class="rounded-t"
              height="200"
              src="https://res.cloudinary.com/dkrjpli3y/image/upload/c_fill,h_200,w_600/heroImageId1"
              width="600"
            />
          </div>
          <div
            class="p-4"
          >
            <div
              class="flex items-center"
            >
              <figure
                class="flex flex-no-shrink self-start mr-2 bg-white shadow rounded-full w-12 h-12"
              >
                <img
                  alt=""
                  class="rounded-full"
                  src="https://res.cloudinary.com/dkrjpli3y/image/upload/c_scale,w_200/logoId1"
                  width="200"
                />
              </figure>
              <div
                class="flex-grow"
              >
                <div
                  class="text-black font-bold text-base"
                >
                  Test
                </div>
                <div
                  class="text-grey-darker text-sm"
                >
                  Baggesensgade 13, 2200 København N
                </div>
              </div>
            </div>
          </div>
        </a>
      </div>
      <div
        class="px-2 w-full sm:w-1/2 lg:w-1/3"
      >
        <a
          class="inline-flex flex-col rounded shadow no-underline hover:shadow-md mb-4"
          href="/business/foo"
        >
          <div>
            <img
              class="rounded-t"
              height="200"
              src="https://res.cloudinary.com/dkrjpli3y/image/upload/c_fill,h_200,w_600/heroImageId2"
              width="600"
            />
          </div>
          <div
            class="p-4"
          >
            <div
              class="flex items-center"
            >
              <figure
                class="flex flex-no-shrink self-start mr-2 bg-white shadow rounded-full w-12 h-12"
              >
                <img
                  alt=""
                  class="rounded-full"
                  src="https://res.cloudinary.com/dkrjpli3y/image/upload/c_scale,w_200/logoId2"
                  width="200"
                />
              </figure>
              <div
                class="flex-grow"
              >
                <div
                  class="text-black font-bold text-base"
                >
                  Foo
                </div>
                <div
                  class="text-grey-darker text-sm"
                >
                  Bar Street 123, 2300 København S
                </div>
              </div>
            </div>
          </div>
        </a>
      </div>
    </div>
  </div>,
]
`;
