// Jest Snapshot v1, https://goo.gl/fbAQLP

exports[`Spacer Snapshots should match the snapshot 1`] = `
<div
  class=""
>
  I am inside a spacer!
</div>
`;
