// Jest Snapshot v1, https://goo.gl/fbAQLP

exports[`NavBar Snapshots should match the snapshot 1`] = `
<Query
  query={
    Object {
      "definitions": Array [
        Object {
          "directives": Array [],
          "kind": "OperationDefinition",
          "name": Object {
            "kind": "Name",
            "value": "Viewer",
          },
          "operation": "query",
          "selectionSet": Object {
            "kind": "SelectionSet",
            "selections": Array [
              Object {
                "alias": undefined,
                "arguments": Array [],
                "directives": Array [],
                "kind": "Field",
                "name": Object {
                  "kind": "Name",
                  "value": "viewer",
                },
                "selectionSet": Object {
                  "kind": "SelectionSet",
                  "selections": Array [
                    Object {
                      "alias": undefined,
                      "arguments": Array [],
                      "directives": Array [],
                      "kind": "Field",
                      "name": Object {
                        "kind": "Name",
                        "value": "shortName",
                      },
                      "selectionSet": undefined,
                    },
                  ],
                },
              },
            ],
          },
          "variableDefinitions": Array [],
        },
      ],
      "kind": "Document",
      "loc": Object {
        "end": 57,
        "start": 0,
      },
    }
  }
>
  <Component />
</Query>
`;
