// Jest Snapshot v1, https://goo.gl/fbAQLP

exports[`GhostCard Snapshots should match the snapshot 1`] = `
<ContentLoader
  className="mb-4"
  height={200}
  primaryColor="#f3f3f3"
  secondaryColor="#ecebeb"
  speed={2}
  width={500}
>
  <rect
    height={200}
    rx="4"
    ry="4"
    width={500}
  />
</ContentLoader>
`;
