// Jest Snapshot v1, https://goo.gl/fbAQLP

exports[`Footer Snapshots should match the snapshot 1`] = `
<Fragment>
  <div>
    <Container
      narrow={true}
    >
      <div
        className="flex flex-col sm:flex-row border-t pt-8 pb-16"
      >
        <div
          className="mb-2 sm:mb-0 sm:mr-16"
        >
          <div
            className="mb-2 text-sm text-grey-dark"
          >
            Â© 2019 GoTaste
          </div>
        </div>
        <div
          className="mb-2 sm:mb-0 sm:mr-16"
        >
          <div
            className="mb-2"
          >
            <Link
              href="/businesses"
            >
              <a
                className="text-black no-underline"
              >
                Forhandlere
              </a>
            </Link>
          </div>
          <div>
            <Link
              href="/events"
            >
              <a
                className="text-black no-underline"
              >
                Begivenheder
              </a>
            </Link>
          </div>
        </div>
        <div
          className="mb-2 sm:mb-0 sm:mr-16"
        >
          <div
            className="mb-2"
          >
            <Link
              href="/about"
            >
              <a
                className="text-black no-underline"
              >
                Om GoTaste
              </a>
            </Link>
          </div>
          <div>
            <a
              className="text-black no-underline"
              href="mailto:info@gotaste.dk"
            >
              Kontakt
            </a>
          </div>
        </div>
        <div>
          <div
            className="mb-2"
          >
            <a
              className="text-black no-underline"
              href="#betingelser"
            >
              Betingelser
            </a>
          </div>
          <div
            className="mb-2"
          >
            <Link
              href="/cookie-and-privacypolicy"
            >
              <a
                className="text-black no-underline"
              >
                Cookie og Privatlivspolitik
              </a>
            </Link>
          </div>
        </div>
      </div>
    </Container>
  </div>
</Fragment>
`;
