// Jest Snapshot v1, https://goo.gl/fbAQLP

exports[`GhostCard Snapshots should match the snapshot 1`] = `
<div
  aria-disabled={true}
  aria-label="Henter data"
  className="rounded shimmer"
  style={
    Object {
      "height": "200px",
      "width": "100%",
    }
  }
/>
`;
