// Jest Snapshot v1, https://goo.gl/fbAQLP

exports[`Row Snapshots should match the snapshot 1`] = `
<div
  class="px-2"
>
  <div
    class="flex -mx-2 flex-wrap"
  >
    See, I am inside a row!
  </div>
</div>
`;
